// Jest Snapshot v1, https://goo.gl/fbAQLP

exports[`renders correctly 1`] = `
<tr>
  <th>
    Name
  </th>
  <th>
    User Name
  </th>
  <th>
    Start Date
  </th>
  <th>
    End Date
  </th>
  <th>
    Active
  </th>
  <th>
    Budget
  </th>
</tr>
`;
